src/App.tsx(1,8): error TS6133: 'React' is declared but its value is never read.
src/App.tsx(2,22): error TS1484: 'Medico' is a type and must be imported using a type-only import when 'verbatimModuleSyntax' is enabled.
src/App.tsx(9,54): error TS6133: 'removerMedico' is declared but its value is never read.
src/App.tsx(19,9): error TS6133: 'prospectos' is declared but its value is never read.
src/App.tsx(108,37): error TS6133: 'entry' is declared but its value is never read.
src/App.tsx(148,17): error TS2322: Type '(id: string, dados: Partial<Medico>) => void' is not assignable to type '(id: string, newStatus: "Prospecção" | "Apresentada" | "Parceiro Ativo" | "Monitoramento") => void'.
  Types of parameters 'dados' and 'newStatus' are incompatible.
    Type 'string' is not assignable to type 'Partial<Medico>'.
      Type '"Prospecção"' has no properties in common with type 'Partial<Medico>'.
src/components/CardMedico.tsx(1,1): error TS6133: 'React' is declared but its value is never read.
src/components/CardMedico.tsx(3,45): error TS6133: 'MoreVertical' is declared but its value is never read.
src/components/CardMedico.tsx(4,10): error TS1484: 'Medico' is a type and must be imported using a type-only import when 'verbatimModuleSyntax' is enabled.
src/components/FormMedico.tsx(2,10): error TS1484: 'Medico' is a type and must be imported using a type-only import when 'verbatimModuleSyntax' is enabled.
